\BOOKMARK [1][-]{Doc-Start}{\376\377\000I\000n\000t\000r\000o\000d\000u\000c\000c\000i\000\363\000n}{}% 1
\BOOKMARK [1][-]{Doc-Start}{\376\377\000O\000b\000j\000e\000t\000i\000v\000o\000s}{}% 2
\BOOKMARK [1][-]{section.1}{\376\377\000D\000e\000s\000c\000r\000i\000p\000c\000i\000\363\000n\000\040\000e\000l\000\040\000P\000r\000o\000y\000e\000c\000t\000o}{}% 3
\BOOKMARK [2][-]{subsection.1.1}{\376\377\000C\000a\000n\000t\000i\000d\000a\000d\000\040\000d\000e\000\040\000N\000i\000v\000e\000l\000e\000s}{section.1}% 4
\BOOKMARK [2][-]{subsection.1.2}{\376\377\000\301\000r\000e\000a\000\040\000p\000o\000r\000\040\000N\000i\000v\000e\000l}{section.1}% 5
\BOOKMARK [2][-]{subsection.1.3}{\376\377\000M\000a\000t\000e\000r\000i\000a\000l\000e\000s\000\040\000y\000\040\000A\000c\000a\000b\000a\000d\000o\000s\000\040\000d\000e\000\040\000l\000a\000\040\000E\000d\000i\000f\000i\000c\000a\000c\000i\000\363\000n}{section.1}% 6
\BOOKMARK [3][-]{subsubsection.1.3.1}{\376\377\000P\000i\000s\000o\000s\000\040\000v\000i\000n\000\355\000l\000i\000c\000o\000s\000\040\000h\000o\000s\000p\000i\000t\000a\000l\000a\000r\000i\000o\000s}{subsection.1.3}% 7
\BOOKMARK [3][-]{subsubsection.1.3.2}{\376\377\000C\000i\000e\000l\000o\000\040\000F\000a\000l\000s\000o}{subsection.1.3}% 8
\BOOKMARK [3][-]{subsubsection.1.3.3}{\376\377\000M\000u\000r\000o\000s\000\040\000d\000e\000\040\000B\000l\000o\000c\000k\000\040\000d\000e\000\040\000C\000o\000n\000c\000r\000e\000t\000o}{subsection.1.3}% 9
\BOOKMARK [3][-]{subsubsection.1.3.4}{\376\377\000V\000e\000n\000t\000a\000n\000a\000s\000\040\000y\000\040\000v\000e\000n\000t\000i\000l\000a\000c\000i\000\363\000n}{subsection.1.3}% 10
\BOOKMARK [3][-]{subsubsection.1.3.5}{\376\377\000D\000o\000m\000o\000\040\000o\000\040\000p\000o\000z\000o\000\040\000d\000e\000\040\000i\000l\000u\000m\000i\000n\000a\000c\000i\000\363\000n\000\040\000n\000a\000t\000u\000r\000a\000l}{subsection.1.3}% 11
\BOOKMARK [2][-]{subsection.1.4}{\376\377\000U\000s\000o\000\040\000d\000e\000\040\000l\000a\000\040\000E\000d\000i\000f\000i\000c\000a\000c\000i\000\363\000n\000\040\000p\000o\000r\000\040\000n\000i\000v\000e\000l}{section.1}% 12
\BOOKMARK [3][-]{subsubsection.1.4.1}{\376\377\000\040\000N\000i\000v\000e\000l\000\040\0001\000:}{subsection.1.4}% 13
\BOOKMARK [3][-]{subsubsection.1.4.2}{\376\377\000N\000i\000v\000e\000l\000\040\0002\000\040\000y\000\040\0003\000:}{subsection.1.4}% 14
\BOOKMARK [3][-]{subsubsection.1.4.3}{\376\377\000\040\000N\000i\000v\000e\000l\000\040\0004\000\040\000y\000\040\0005\000:}{subsection.1.4}% 15
\BOOKMARK [2][-]{subsection.1.5}{\376\377\000U\000b\000i\000c\000a\000c\000i\000\363\000n\000\040\000d\000o\000n\000d\000e\000\040\000s\000e\000\040\000C\000o\000n\000s\000t\000r\000u\000i\000r\000\341}{section.1}% 16
\BOOKMARK [1][-]{section.2}{\376\377\000P\000l\000a\000n\000o\000s\000\040\000d\000e\000l\000\040\000P\000r\000o\000y\000e\000c\000t\000o}{}% 17
\BOOKMARK [2][-]{subsection.2.1}{\376\377\000P\000l\000a\000n\000o\000s\000\040\000d\000e\000\040\000p\000l\000a\000n\000t\000a\000\040\000d\000e\000\040\000l\000o\000s\000\040\000n\000i\000v\000e\000l\000e\000s\000\040\000t\000\355\000p\000i\000c\000o\000s\000,\000\040\000c\000o\000n\000\040\000c\000o\000t\000a\000s\000\040}{section.2}% 18
\BOOKMARK [1][-]{section.3}{\376\377\000N\000o\000r\000m\000a\000t\000i\000v\000a\000\040\000A\000p\000l\000i\000c\000a\000d\000a}{}% 19
\BOOKMARK [2][-]{subsection.3.1}{\376\377\000N\000o\000r\000m\000a\000t\000i\000v\000a\000\040\000N\000a\000c\000i\000o\000n\000a\000l}{section.3}% 20
\BOOKMARK [3][-]{subsubsection.3.1.1}{\376\377\000N\000S\000E\000\040\0001\000\040\040\023\000\040\000G\000e\000n\000e\000r\000a\000l\000i\000d\000a\000d\000e\000s}{subsection.3.1}% 21
\BOOKMARK [3][-]{subsubsection.3.1.2}{\376\377\000N\000S\000E\000\040\0002\000\040\040\023\000\040\000D\000e\000m\000a\000n\000d\000a\000s\000\040\000e\000s\000t\000r\000u\000c\000t\000u\000r\000a\000l\000e\000s\000\040\000y\000\040\000c\000o\000n\000d\000i\000c\000i\000o\000n\000e\000s\000\040\000d\000e\000l\000\040\000s\000i\000t\000i\000o}{subsection.3.1}% 22
\BOOKMARK [3][-]{subsubsection.3.1.3}{\376\377\000N\000S\000E\000\040\0002\000.\0001\000\040\040\023\000\040\000E\000s\000t\000u\000d\000i\000o\000s\000\040\000g\000e\000o\000t\000\351\000c\000n\000i\000c\000o\000s}{subsection.3.1}% 23
\BOOKMARK [3][-]{subsubsection.3.1.4}{\376\377\000N\000S\000E\000\040\0003\000\040\040\023\000\040\000D\000i\000s\000e\000\361\000o\000\040\000e\000s\000t\000r\000u\000c\000t\000u\000r\000a\000l\000\040\000d\000e\000\040\000e\000d\000i\000f\000i\000c\000a\000c\000i\000o\000n\000e\000s}{subsection.3.1}% 24
\BOOKMARK [2][-]{subsection.3.2}{\376\377\000N\000o\000r\000m\000a\000t\000i\000v\000a\000\040\000I\000n\000t\000e\000r\000n\000a\000c\000i\000o\000n\000a\000l}{section.3}% 25
\BOOKMARK [3][-]{subsubsection.3.2.1}{\376\377\000A\000C\000I\000\040\0003\0001\0008\000-\0001\0009}{subsection.3.2}% 26
\BOOKMARK [2][-]{subsection.3.3}{\376\377\000N\000o\000r\000m\000a\000s\000\040\000c\000o\000m\000p\000l\000e\000m\000e\000n\000t\000a\000r\000i\000a\000s}{section.3}% 27
\BOOKMARK [1][-]{subsection.3.3}{\376\377\000C\000o\000n\000c\000l\000u\000s\000i\000o\000n\000e\000s}{}% 28
\BOOKMARK [1][-]{subsection.3.3}{\376\377\000R\000e\000f\000e\000r\000e\000n\000c\000i\000a\000s}{}% 29
